#
# There is insufficient memory for the Java Runtime Environment to continue.
# Native memory allocation (mmap) failed to map 260046848 bytes. Error detail: G1 virtual space
# Possible reasons:
#   The system is out of physical RAM or swap space
#   This process is running with CompressedOops enabled, and the Java Heap may be blocking the growth of the native heap
# Possible solutions:
#   Reduce memory load on the system
#   Increase physical memory or swap space
#   Check if swap backing store is full
#   Decrease Java heap size (-Xmx/-Xms)
#   Decrease number of Java threads
#   Decrease Java thread stack sizes (-Xss)
#   Set larger code cache with -XX:ReservedCodeCacheSize=
#   JVM is running with Zero Based Compressed Oops mode in which the Java heap is
#     placed in the first 32GB address space. The Java Heap base address is the
#     maximum limit for the native heap growth. Please use -XX:HeapBaseMinAddress
#     to set the Java Heap base and to place the Java Heap above 32GB virtual address.
# This output file may be truncated or incomplete.
#
#  Out of Memory Error (os_windows.cpp:3766), pid=10264, tid=47012
#
# JRE version:  (25.0.3+9) (build )
# Java VM: OpenJDK 64-Bit Server VM (25.0.3+9-b508.16, mixed mode, sharing, tiered, compressed oops, compressed class ptrs, g1 gc, windows-amd64)
# No core dump will be written. Minidumps are not enabled by default on client versions of Windows
#

---------------  S U M M A R Y ------------

Command Line: git4idea.http.GitAskPassApp Username for 'https://github.com': 

Host: Intel(R) Core(TM) Ultra 5 135H, 18 cores, 15G,  Windows 11 , 64 bit Build 26100 (10.0.26100.9444)
Time: Sun Sep 27 00:09:04 2026 Bangladesh Standard Time elapsed time: 0.435698 seconds (0d 0h 0m 0s)

---------------  T H R E A D  ---------------

Current thread (0x0000022186683db0):  JavaThread "Unknown thread" [_thread_in_vm, id=47012, stack(0x00000041fb400000,0x00000041fb500000) (1024K)]

Stack: [0x00000041fb400000,0x00000041fb500000]
Native frames: (J=compiled Java code, j=interpreted, Vv=VM code, C=native code)
V  [jvm.dll+0x7c2949]  (no source info available)
V  [jvm.dll+0x78c01d]  (no source info available)
V  [jvm.dll+0xa105b3]  (no source info available)
V  [jvm.dll+0xa12dac]  (no source info available)
V  [jvm.dll+0xa134a3]  (no source info available)
V  [jvm.dll+0x308106]  (no source info available)
V  [jvm.dll+0x7beb55]  (no source info available)
V  [jvm.dll+0x7b1ae7]  (no source info available)
V  [jvm.dll+0x40224e]  (no source info available)
V  [jvm.dll+0x40a06b]  (no source info available)
V  [jvm.dll+0x3f68a9]  (no source info available)
V  [jvm.dll+0x3f6b5b]  (no source info available)
V  [jvm.dll+0x3ccb73]  (no source info available)
V  [jvm.dll+0x3cd7de]  (no source info available)
V  [jvm.dll+0x9d6907]  (no source info available)
V  [jvm.dll+0x467992]  (no source info available)
V  [jvm.dll+0x9ba039]  (no source info available)
V  [jvm.dll+0x509dd1]  (no source info available)
V  [jvm.dll+0x50b741]  (no source info available)
C  [jli.dll+0x5422]  (no source info available)
C  [ucrtbase.dll+0x2cd30]  (no source info available)
C  [KERNEL32.DLL+0x2cd87]  (no source info available)
C  [ntdll.dll+0xacaec]  (no source info available)

Lock stack of current Java thread (top to bottom):


---------------  P R O C E S S  ---------------

Threads class SMR info:
_java_thread_list=0x00007ffac207c108, length=0, elements={
}

Java Threads: ( => current thread )
Total: 0

Other Threads:
  0x0000022188b992c0 WorkerThread "GC Thread#0"                     [id=5632, stack(0x00000041fb500000,0x00000041fb600000) (1024K)]
  0x0000022188bd15c0 ConcurrentGCThread "G1 Main Marker"            [id=11580, stack(0x00000041fb600000,0x00000041fb700000) (1024K)]
  0x0000022188bd1f60 WorkerThread "G1 Conc#0"                       [id=37412, stack(0x00000041fb700000,0x00000041fb800000) (1024K)]

[error occurred during error reporting (printing all threads), id 0xc0000005, EXCEPTION_ACCESS_VIOLATION (0xc0000005) at pc=0x00007ffac169194a]
VM state: not at safepoint (not fully initialized)

VM Mutex/Monitor currently owned by a thread:  ([mutex/lock_event])
[0x00007ffac2104fb0] Heap_lock - owner thread: 0x0000022186683db0

Heap address: 0x0000000709000000, size: 3952 MB, Compressed Oops mode: Zero based, Oop shift amount: 3

CDS archive(s) mapped at: [0x0000000000000000-0x0000000000000000-0x0000000000000000), size 0, SharedBaseAddress: 0x0000000800000000, ArchiveRelocationMode: 1.
UseCompressedClassPointers 1, UseCompactObjectHeaders 0
Narrow klass pointer bits 32, Max shift 3
Narrow klass base: 0xffffffffffffffff, Narrow klass shift: -1
Encoding Range: [0xffffffffffffffff - 0x000000007fffffff), (2147483648 bytes)
Klass Range:    [0x0000000000000000 - 0x0000000000000000), (0 bytes)
Klass ID Range:  [4294967295 - 0) (1)
No protection zone.

GC Precious Log:
 CardTable entry size: 512
 Card Set container configuration: InlinePtr #cards 4 size 8 Array Of Cards #cards 16 size 48 Howl #buckets 8 coarsen threshold 3686 Howl Bitmap #cards 512 size 80 coarsen threshold 460 Card regions per heap region 1 cards per card region 4096

Heap:
 garbage-first heap   total reserved 4046848K, committed 0K, used 0K [0x0000000709000000, 0x0000000800000000)
  region size 2048K, 0 young (0K), 0 survivors (0K)

Heap Regions: E=young(eden), S=young(survivor), O=old, HS=humongous(starts), HC=humongous(continues), CS=collection set, F=free, TAMS=top-at-mark-start, PB=parsable bottom

Card table byte_map: [0x000002219c800000,0x000002219cfc0000] _byte_map_base: 0x0000022198fb8000

Marking Bits: (CMBitMap*) 0x0000022188b9b960
 Bits: [0x000002219cfc0000, 0x00000221a0d80000)

GC Heap Usage History (0 events):
No events

Metaspace Usage History (0 events):
No events

Dll operation events (1 events):
Event: 0.014 Loaded shared library D:\programs\Intellij\IntelliJ IDEA 2026.2.1\jbr\bin\java.dll

Deoptimization events (0 events):
No events

Classes loaded (0 events):
No events

Classes unloaded (0 events):
No events

Classes redefined (0 events):
No events

Internal exceptions (0 events):
No events

VM Operations (0 events):
No events

Memory protections (0 events):
No events

Nmethod flushes (0 events):
No events

Events (0 events):
No events


Dynamic libraries:
0x00007ff62b6f0000 - 0x00007ff62b6fa000 	D:\programs\Intellij\IntelliJ IDEA 2026.2.1\jbr\bin\java.exe
0x00007ffb867c0000 - 0x00007ffb86a27000 	C:\Windows\SYSTEM32\ntdll.dll
0x00007ffb84bd0000 - 0x00007ffb84c9b000 	C:\Windows\System32\KERNEL32.DLL
0x00007ffb839c0000 - 0x00007ffb83dc2000 	C:\Windows\System32\KERNELBASE.dll
0x00007ffb83ec0000 - 0x00007ffb8400c000 	C:\Windows\System32\ucrtbase.dll
0x00007ffb7ccf0000 - 0x00007ffb7cd0e000 	D:\programs\Intellij\IntelliJ IDEA 2026.2.1\jbr\bin\VCRUNTIME140.dll
0x00007ffb7bd80000 - 0x00007ffb7bd97000 	D:\programs\Intellij\IntelliJ IDEA 2026.2.1\jbr\bin\jli.dll
0x00007ffb85eb0000 - 0x00007ffb8607f000 	C:\Windows\System32\USER32.dll
0x00007ffb83dd0000 - 0x00007ffb83df7000 	C:\Windows\System32\win32u.dll
0x00007ffb84b10000 - 0x00007ffb84b3b000 	C:\Windows\System32\GDI32.dll
0x00007ffb840b0000 - 0x00007ffb841d9000 	C:\Windows\System32\gdi32full.dll
0x00007ffb82d90000 - 0x00007ffb83020000 	C:\Windows\WinSxS\amd64_microsoft.windows.common-controls_6595b64144ccf1df_6.0.26100.9278_none_3e0d1ba8e3303201\COMCTL32.dll
0x00007ffb84430000 - 0x00007ffb844d3000 	C:\Windows\System32\msvcp_win.dll
0x00007ffb862a0000 - 0x00007ffb86349000 	C:\Windows\System32\msvcrt.dll
0x00007ffb86260000 - 0x00007ffb86291000 	C:\Windows\System32\IMM32.DLL
0x00007ffb7cce0000 - 0x00007ffb7ccec000 	D:\programs\Intellij\IntelliJ IDEA 2026.2.1\jbr\bin\vcruntime140_1.dll
0x00007ffb64db0000 - 0x00007ffb64e39000 	D:\programs\Intellij\IntelliJ IDEA 2026.2.1\jbr\bin\msvcp140.dll
0x00007ffac12b0000 - 0x00007ffac2205000 	D:\programs\Intellij\IntelliJ IDEA 2026.2.1\jbr\bin\server\jvm.dll
0x00007ffb84890000 - 0x00007ffb8494c000 	C:\Windows\System32\ADVAPI32.dll
0x00007ffb851b0000 - 0x00007ffb85259000 	C:\Windows\System32\sechost.dll
0x00007ffb84960000 - 0x00007ffb84a78000 	C:\Windows\System32\RPCRT4.dll
0x00007ffb84b40000 - 0x00007ffb84bc0000 	C:\Windows\System32\WS2_32.dll
0x00007ffb81330000 - 0x00007ffb8133b000 	C:\Windows\SYSTEM32\VERSION.dll
0x00007ffb83820000 - 0x00007ffb8387e000 	C:\Windows\SYSTEM32\POWRPROF.dll
0x00007ffb71290000 - 0x00007ffb712c6000 	C:\Windows\SYSTEM32\WINMM.dll
0x00007ffb83800000 - 0x00007ffb83815000 	C:\Windows\SYSTEM32\UMPDC.dll
0x00007ffb81ca0000 - 0x00007ffb81cbb000 	C:\Windows\SYSTEM32\kernel.appcore.dll
0x00007ffb7cbe0000 - 0x00007ffb7cbea000 	D:\programs\Intellij\IntelliJ IDEA 2026.2.1\jbr\bin\jimage.dll
0x00007ffb83160000 - 0x00007ffb833ac000 	C:\Windows\SYSTEM32\DBGHELP.DLL
0x00007ffb844e0000 - 0x00007ffb84865000 	C:\Windows\System32\combase.dll
0x00007ffb86090000 - 0x00007ffb86169000 	C:\Windows\System32\OLEAUT32.dll
0x00007ffb83030000 - 0x00007ffb8306b000 	C:\Windows\SYSTEM32\dbgcore.DLL
0x00007ffb84370000 - 0x00007ffb8441c000 	C:\Windows\System32\bcryptPrimitives.dll
0x00007ffb7c4c0000 - 0x00007ffb7c4df000 	D:\programs\Intellij\IntelliJ IDEA 2026.2.1\jbr\bin\java.dll
0x00007ffb85a10000 - 0x00007ffb85baa000 	C:\Windows\System32\ole32.dll
0x00007ffb85260000 - 0x00007ffb859f8000 	C:\Windows\System32\SHELL32.dll

JVMTI agents: none

dbghelp: loaded successfully - version: 4.0.5 - missing functions: none
symbol engine: initialized successfully - sym options: 0x614 - pdb path: .;D:\programs\Intellij\IntelliJ IDEA 2026.2.1\jbr\bin;C:\Windows\SYSTEM32;C:\Windows\WinSxS\amd64_microsoft.windows.common-controls_6595b64144ccf1df_6.0.26100.9278_none_3e0d1ba8e3303201;D:\programs\Intellij\IntelliJ IDEA 2026.2.1\jbr\bin\server

VM Arguments:
java_command: git4idea.http.GitAskPassApp Username for 'https://github.com': 
java_class_path (initial): D:/programs/Intellij/IntelliJ IDEA 2026.2.1/plugins/vcs-git/lib/git4idea-rt.jar;D:/programs/Intellij/IntelliJ IDEA 2026.2.1/lib/externalProcess-rt.jar
Launcher Type: SUN_STANDARD

[Global flags]
     intx CICompilerCount                          = 12                                        {product} {ergonomic}
     uint ConcGCThreads                            = 4                                         {product} {ergonomic}
     uint G1ConcRefinementThreads                  = 14                                        {product} {ergonomic}
   size_t G1HeapRegionSize                         = 2097152                                   {product} {ergonomic}
   size_t InitialHeapSize                          = 260046848                                 {product} {ergonomic}
   size_t MarkStackSize                            = 4194304                                   {product} {ergonomic}
   size_t MarkStackSizeMax                         = 536870912                                 {product} {ergonomic}
   size_t MaxHeapSize                              = 4143972352                                {product} {ergonomic}
   size_t MinHeapDeltaBytes                        = 2097152                                   {product} {ergonomic}
   size_t MinHeapSize                              = 8388608                                   {product} {ergonomic}
    uintx NonNMethodCodeHeapSize                   = 7667712                                {pd product} {ergonomic}
    uintx NonProfiledCodeHeapSize                  = 122028032                              {pd product} {ergonomic}
    uintx ProfiledCodeHeapSize                     = 122028032                              {pd product} {ergonomic}
    uintx ReservedCodeCacheSize                    = 251723776                              {pd product} {ergonomic}
     bool SegmentedCodeCache                       = true                                      {product} {ergonomic}
   size_t SoftMaxHeapSize                          = 4143972352                             {manageable} {ergonomic}
     bool UseCompressedOops                        = true                           {product lp64_product} {ergonomic}
     bool UseG1GC                                  = true                                      {product} {ergonomic}
     bool UseLargePagesIndividualAllocation        = false                                  {pd product} {ergonomic}

Logging:
Log output configuration:
 #0: stdout all=warning uptime,level,tags foldmultilines=false
 #1: stderr all=off uptime,level,tags foldmultilines=false

Release file:
<release file has not been read>
Environment Variables:
JAVA_HOME=C:\Program Files\Java\jdk-26.0.2.1\bin
PATH=C:\Program Files\Git\mingw64\libexec\git-core;C:\Program Files\Git\mingw64\libexec\git-core;C:\Program Files\Git\mingw64\bin;C:\Program Files\Git\usr\bin;C:\Users\LENOVO\bin;C:\Program Files\Common Files\Oracle\Java\javapath;C:\Windows\system32;C:\Windows;C:\Windows\System32\Wbem;C:\Windows\System32\WindowsPowerShell\v1.0;C:\Windows\System32\OpenSSH;C:\MinGW\bin;C:\Program Files\Java\jdk-26.0.2.1\bin;C:\Program Files\Git\cmd;C:\Program Files\Git\mingw64\bin;C:\Program Files\Git\usr\bin;C:\Users\LENOVO\AppData\Local\Microsoft\WindowsApps;C:\Users\LENOVO\AppData\Local\Programs\Microsoft VS Code\bin;C:\msys64\ucrt64\bin
USERNAME=LENOVO
DISPLAY=:0.0
LC_ALL=en_US.UTF-8
TERM=xterm-256color
TMPDIR=C:\Users\LENOVO\AppData\Local\Temp
OS=Windows_NT
PROCESSOR_IDENTIFIER=Intel64 Family 6 Model 170 Stepping 4, GenuineIntel
TMP=C:\Users\LENOVO\AppData\Local\Temp
TEMP=C:\Users\LENOVO\AppData\Local\Temp




Compilation memory statistics disabled.

Periodic native trim disabled

JNI global refs:
JNI global refs: 0, weak refs: 0

JNI global refs memory usage: 0, weak refs: 0

Process memory usage:
Resident Set Size: 14724K (0% of 16184696K total physical memory with 492876K free physical memory)

OOME stack traces (most recent first):
Classloader memory used:

---------------  S Y S T E M  ---------------

OS:
 Windows 11 , 64 bit Build 26100 (10.0.26100.9444)
OS uptime: 7 days 4:32 hours
Hyper-V role detected

CPU: total 18 (initial active 18) (9 cores per cpu, 2 threads per core) family 6 model 170 stepping 4 microcode 0x28, cx8, cmov, fxsr, ht, mmx, 3dnowpref, sse, sse2, sse3, ssse3, sse4.1, sse4.2, popcnt, lzcnt, tsc, tscinvbit, avx, avx2, aes, erms, clmul, bmi1, bmi2, adx, sha, fma, vzeroupper, clflush, clflushopt, clwb, hv, serialize, rdtscp, rdpid, fsrm, gfni, f16c, cet_ibt, cet_ss
Processor Information for processor 0
  Max Mhz: 1700, Current Mhz: 1700, Mhz Limit: 1700
Processor Information for processor 1
  Max Mhz: 1700, Current Mhz: 1700, Mhz Limit: 1700
Processor Information for processor 2
  Max Mhz: 3600, Current Mhz: 1200, Mhz Limit: 1188
Processor Information for processor 3
  Max Mhz: 3600, Current Mhz: 1200, Mhz Limit: 1188
Processor Information for processor 4
  Max Mhz: 3600, Current Mhz: 1200, Mhz Limit: 1188
Processor Information for processor 5
  Max Mhz: 3600, Current Mhz: 1200, Mhz Limit: 1188
Processor Information for processor 6
  Max Mhz: 3600, Current Mhz: 1200, Mhz Limit: 1188
Processor Information for processor 7
  Max Mhz: 3600, Current Mhz: 1200, Mhz Limit: 1188
Processor Information for processor 8
  Max Mhz: 3600, Current Mhz: 1200, Mhz Limit: 1188
Processor Information for processor 9
  Max Mhz: 3600, Current Mhz: 1200, Mhz Limit: 1188
Processor Information for processor 10
  Max Mhz: 1700, Current Mhz: 1700, Mhz Limit: 1700
Processor Information for processor 11
  Max Mhz: 1700, Current Mhz: 1700, Mhz Limit: 1700
Processor Information for processor 12
  Max Mhz: 1700, Current Mhz: 1700, Mhz Limit: 1700
Processor Information for processor 13
  Max Mhz: 1700, Current Mhz: 1700, Mhz Limit: 1700
Processor Information for processor 14
  Max Mhz: 1700, Current Mhz: 1700, Mhz Limit: 1700
Processor Information for processor 15
  Max Mhz: 1700, Current Mhz: 1700, Mhz Limit: 1700
Processor Information for processor 16
  Max Mhz: 2500, Current Mhz: 700, Mhz Limit: 700
Processor Information for processor 17
  Max Mhz: 2500, Current Mhz: 700, Mhz Limit: 700

Memory: 4k page, system-wide physical 15805M (481M free)
TotalPageFile size 34894M (AvailPageFile size 194M)
current process WorkingSet (physical memory assigned to process): 14M, peak: 14M
current process commit charge ("private bytes"): 73M, peak: 321M

vm_info: OpenJDK 64-Bit Server VM (25.0.3+9-b508.16) for windows-amd64 JRE (25.0.3+9-b508.16), built on 2026-06-22 with MS VC++ 17.14 (VS2022)

END.
